
===========================================================================
report_checks -unconstrained
===========================================================================
======================= Typical Corner ===================================

Startpoint: A[5] (input port clocked by clk)
Endpoint: P[14] (output port clocked by clk)
Path Group: clk
Path Type: max

Fanout     Cap    Slew   Delay    Time   Description
-----------------------------------------------------------------------------
                  0.00    0.00    0.00   clock clk (rise edge)
                          0.00    0.00   clock network delay (ideal)
                          2.00    2.00 v input external delay
                  0.01    0.00    2.00 v A[5] (in)
     1    0.00                           A[5] (net)
                  0.01    0.00    2.00 v input6/A (sky130_fd_sc_hd__clkbuf_4)
                  0.05    0.14    2.15 v input6/X (sky130_fd_sc_hd__clkbuf_4)
     7    0.02                           net6 (net)
                  0.05    0.00    2.15 v _415_/A (sky130_fd_sc_hd__buf_6)
                  0.04    0.14    2.28 v _415_/X (sky130_fd_sc_hd__buf_6)
    10    0.02                           _348_ (net)
                  0.04    0.00    2.28 v _445_/B1 (sky130_fd_sc_hd__a22o_1)
                  0.06    0.20    2.49 v _445_/X (sky130_fd_sc_hd__a22o_1)
     3    0.01                           _020_ (net)
                  0.06    0.00    2.49 v _485_/A2 (sky130_fd_sc_hd__a21bo_1)
                  0.04    0.21    2.70 v _485_/X (sky130_fd_sc_hd__a21bo_1)
     2    0.00                           _059_ (net)
                  0.04    0.00    2.70 v _487_/B1 (sky130_fd_sc_hd__a21o_1)
                  0.05    0.17    2.87 v _487_/X (sky130_fd_sc_hd__a21o_1)
     3    0.01                           _061_ (net)
                  0.05    0.00    2.87 v _531_/A2 (sky130_fd_sc_hd__a21bo_1)
                  0.07    0.23    3.10 v _531_/X (sky130_fd_sc_hd__a21bo_1)
     2    0.01                           _104_ (net)
                  0.07    0.00    3.10 v _533_/B1 (sky130_fd_sc_hd__a21o_1)
                  0.05    0.18    3.28 v _533_/X (sky130_fd_sc_hd__a21o_1)
     3    0.01                           _106_ (net)
                  0.05    0.00    3.28 v _534_/C (sky130_fd_sc_hd__and3_1)
                  0.04    0.19    3.48 v _534_/X (sky130_fd_sc_hd__and3_1)
     2    0.00                           _107_ (net)
                  0.04    0.00    3.48 v _537_/A1 (sky130_fd_sc_hd__o211a_1)
                  0.05    0.24    3.71 v _537_/X (sky130_fd_sc_hd__o211a_1)
     2    0.00                           _110_ (net)
                  0.05    0.00    3.71 v _538_/C (sky130_fd_sc_hd__or3_4)
                  0.06    0.33    4.04 v _538_/X (sky130_fd_sc_hd__or3_4)
     2    0.00                           _111_ (net)
                  0.06    0.00    4.04 v _541_/A (sky130_fd_sc_hd__and3_1)
                  0.06    0.18    4.23 v _541_/X (sky130_fd_sc_hd__and3_1)
     4    0.01                           _114_ (net)
                  0.06    0.00    4.23 v _611_/A (sky130_fd_sc_hd__or4_4)
                  0.08    0.56    4.79 v _611_/X (sky130_fd_sc_hd__or4_4)
     2    0.00                           _182_ (net)
                  0.08    0.00    4.79 v _646_/C (sky130_fd_sc_hd__or4_4)
                  0.10    0.53    5.32 v _646_/X (sky130_fd_sc_hd__or4_4)
     2    0.01                           _215_ (net)
                  0.10    0.00    5.32 v _673_/A2 (sky130_fd_sc_hd__a21oi_4)
                  0.16    0.22    5.53 ^ _673_/Y (sky130_fd_sc_hd__a21oi_4)
     4    0.02                           _243_ (net)
                  0.16    0.00    5.53 ^ _720_/A2 (sky130_fd_sc_hd__o31a_1)
                  0.10    0.20    5.74 ^ _720_/X (sky130_fd_sc_hd__o31a_1)
     1    0.01                           _292_ (net)
                  0.10    0.00    5.74 ^ _721_/B (sky130_fd_sc_hd__xnor2_2)
                  0.12    0.12    5.86 ^ _721_/Y (sky130_fd_sc_hd__xnor2_2)
     1    0.00                           net22 (net)
                  0.12    0.00    5.86 ^ output22/A (sky130_fd_sc_hd__buf_6)
                  0.08    0.16    6.02 ^ output22/X (sky130_fd_sc_hd__buf_6)
     1    0.03                           P[14] (net)
                  0.08    0.00    6.02 ^ P[14] (out)
                                  6.02   data arrival time

                  0.00   10.00   10.00   clock clk (rise edge)
                          0.00   10.00   clock network delay (ideal)
                         -0.25    9.75   clock uncertainty
                          0.00    9.75   clock reconvergence pessimism
                         -2.00    7.75   output external delay
                                  7.75   data required time
-----------------------------------------------------------------------------
                                  7.75   data required time
                                 -6.02   data arrival time
-----------------------------------------------------------------------------
                                  1.73   slack (MET)




===========================================================================
report_checks --slack_max -0.01
============================================================================
======================= Typical Corner ===================================

No paths found.


===========================================================================
 report_check_types -max_slew -max_cap -max_fanout -violators
============================================================================
======================= Typical Corner ===================================



===========================================================================
report_parasitic_annotation -report_unannotated
============================================================================
Found 435 unannotated drivers.
 A[0]
 A[1]
 A[2]
 A[3]
 A[4]
 A[5]
 A[6]
 A[7]
 B[0]
 B[1]
 B[2]
 B[3]
 B[4]
 B[5]
 B[6]
 B[7]
 _358_/X
 _359_/X
 _360_/X
 _361_/X
 _362_/X
 _363_/X
 _364_/Y
 _365_/X
 _366_/Y
 _367_/X
 _368_/X
 _369_/Y
 _370_/X
 _371_/X
 _372_/X
 _373_/X
 _374_/Y
 _375_/Y
 _376_/X
 _377_/Y
 _378_/X
 _379_/X
 _380_/Y
 _381_/X
 _382_/X
 _383_/Y
 _384_/X
 _385_/X
 _386_/Y
 _387_/X
 _388_/Y
 _389_/Y
 _390_/Y
 _391_/X
 _392_/X
 _393_/Y
 _394_/X
 _395_/Y
 _396_/X
 _397_/X
 _398_/X
 _399_/Y
 _400_/Y
 _401_/X
 _402_/X
 _403_/X
 _404_/X
 _405_/Y
 _406_/X
 _407_/Y
 _408_/Y
 _409_/X
 _410_/X
 _411_/X
 _412_/X
 _413_/X
 _414_/X
 _415_/X
 _416_/X
 _417_/Y
 _418_/Y
 _419_/X
 _420_/Y
 _421_/X
 _422_/Y
 _423_/X
 _424_/Y
 _425_/X
 _426_/Y
 _427_/Y
 _428_/Y
 _429_/X
 _430_/X
 _431_/X
 _432_/X
 _433_/Y
 _434_/X
 _435_/X
 _436_/X
 _437_/Y
 _438_/Y
 _439_/Y
 _440_/Y
 _441_/X
 _442_/Y
 _443_/Y
 _444_/X
 _445_/X
 _446_/Y
 _447_/Y
 _448_/X
 _449_/X
 _450_/Y
 _451_/X
 _452_/Y
 _453_/X
 _454_/X
 _455_/Y
 _456_/X
 _457_/Y
 _458_/X
 _459_/X
 _460_/X
 _461_/Y
 _462_/X
 _463_/X
 _464_/X
 _465_/Y
 _466_/Y
 _467_/X
 _468_/Y
 _469_/Y
 _470_/X
 _471_/Y
 _472_/X
 _473_/Y
 _474_/Y
 _475_/Y
 _476_/X
 _477_/X
 _478_/X
 _479_/X
 _480_/Y
 _481_/Y
 _482_/X
 _483_/X
 _484_/Y
 _485_/X
 _486_/Y
 _487_/X
 _488_/Y
 _489_/X
 _490_/X
 _491_/Y
 _492_/X
 _493_/X
 _494_/Y
 _495_/X
 _496_/Y
 _497_/Y
 _498_/X
 _499_/X
 _500_/Y
 _501_/X
 _502_/X
 _503_/Y
 _504_/Y
 _505_/X
 _506_/Y
 _507_/Y
 _508_/Y
 _509_/X
 _510_/X
 _511_/X
 _512_/X
 _513_/Y
 _514_/X
 _515_/Y
 _516_/Y
 _517_/X
 _518_/X
 _519_/X
 _520_/X
 _521_/X
 _522_/Y
 _523_/X
 _524_/Y
 _525_/X
 _526_/Y
 _527_/Y
 _528_/X
 _529_/Y
 _530_/X
 _531_/X
 _532_/Y
 _533_/X
 _534_/X
 _535_/Y
 _536_/Y
 _537_/X
 _538_/X
 _539_/Y
 _540_/X
 _541_/X
 _542_/Y
 _543_/Y
 _544_/X
 _545_/Y
 _546_/Y
 _547_/Y
 _548_/X
 _549_/X
 _550_/Y
 _551_/X
 _552_/X
 _553_/X
 _554_/Y
 _555_/X
 _556_/X
 _557_/Y
 _558_/X
 _559_/X
 _560_/X
 _561_/X
 _562_/X
 _563_/X
 _564_/Y
 _565_/Y
 _566_/X
 _567_/Y
 _568_/X
 _569_/Y
 _570_/X
 _571_/X
 _572_/Y
 _573_/X
 _574_/Y
 _575_/Y
 _576_/X
 _577_/X
 _578_/Y
 _579_/X
 _580_/Y
 _581_/X
 _582_/Y
 _583_/Y
 _584_/X
 _585_/X
 _586_/Y
 _587_/X
 _588_/X
 _589_/X
 _590_/Y
 _591_/X
 _592_/Y
 _593_/X
 _594_/X
 _595_/X
 _596_/Y
 _597_/Y
 _598_/X
 _599_/Y
 _600_/Y
 _601_/X
 _602_/Y
 _603_/Y
 _604_/Y
 _605_/Y
 _606_/Y
 _607_/Y
 _608_/X
 _609_/X
 _610_/Y
 _611_/X
 _612_/Y
 _613_/Y
 _614_/Y
 _615_/X
 _616_/X
 _617_/X
 _618_/X
 _619_/X
 _620_/X
 _621_/X
 _622_/X
 _623_/Y
 _624_/Y
 _625_/X
 _626_/Y
 _627_/Y
 _628_/Y
 _629_/X
 _630_/X
 _631_/X
 _632_/Y
 _633_/X
 _634_/X
 _635_/X
 _636_/Y
 _637_/X
 _638_/Y
 _639_/X
 _640_/X
 _641_/X
 _642_/X
 _643_/Y
 _644_/X
 _645_/X
 _646_/X
 _647_/X
 _648_/X
 _649_/Y
 _650_/Y
 _651_/X
 _652_/Y
 _653_/Y
 _654_/Y
 _655_/Y
 _656_/X
 _657_/X
 _658_/X
 _659_/X
 _660_/X
 _661_/Y
 _662_/Y
 _663_/Y
 _664_/X
 _665_/Y
 _666_/X
 _667_/Y
 _668_/X
 _669_/X
 _670_/X
 _671_/X
 _672_/X
 _673_/Y
 _674_/X
 _675_/Y
 _676_/X
 _677_/Y
 _678_/X
 _679_/Y
 _680_/X
 _681_/Y
 _682_/Y
 _683_/Y
 _684_/Y
 _685_/Y
 _686_/X
 _687_/X
 _688_/Y
 _689_/Y
 _690_/X
 _691_/Y
 _692_/X
 _693_/X
 _694_/Y
 _695_/X
 _696_/Y
 _697_/Y
 _698_/X
 _699_/X
 _700_/Y
 _701_/X
 _702_/Y
 _703_/X
 _704_/Y
 _705_/Y
 _706_/X
 _707_/Y
 _708_/Y
 _709_/X
 _710_/Y
 _711_/Y
 _712_/X
 _713_/X
 _714_/Y
 _715_/Y
 _716_/X
 _717_/X
 _718_/Y
 _719_/Y
 _720_/X
 _721_/Y
 _722_/Y
 _723_/Y
 _724_/X
 _725_/X
 _726_/X
 _727_/X
 _728_/X
 _729_/X
 _730_/Y
 _731_/Y
 input1/X
 input10/X
 input11/X
 input12/X
 input13/X
 input14/X
 input15/X
 input16/X
 input2/X
 input3/X
 input4/X
 input5/X
 input6/X
 input7/X
 input8/X
 input9/X
 max_cap33/X
 output17/X
 output18/X
 output19/X
 output20/X
 output21/X
 output22/X
 output23/X
 output24/X
 output25/X
 output26/X
 output27/X
 output28/X
 output29/X
 output30/X
 output31/X
 output32/X
 rebuffer1/X
 rebuffer10/X
 rebuffer11/X
 rebuffer12/X
 rebuffer2/X
 rebuffer3/X
 rebuffer4/X
 rebuffer5/X
 rebuffer6/X
 rebuffer7/X
 rebuffer8/X
 rebuffer9/X
Found 0 partially unannotated drivers.

===========================================================================
max slew violation count 0
max fanout violation count 0
max cap violation count 0
============================================================================

===========================================================================
check_setup -verbose -unconstrained_endpoints -multiple_clock -no_clock -no_input_delay -loops -generated_clocks
===========================================================================
