
===========================================================================
report_checks -path_delay min (Hold)
============================================================================
======================= Typical Corner ===================================

Startpoint: C[10] (input port clocked by clk)
Endpoint: Sum[10] (output port clocked by clk)
Path Group: clk
Path Type: min

Fanout     Cap    Slew   Delay    Time   Description
-----------------------------------------------------------------------------
                  0.00    0.00    0.00   clock clk (rise edge)
                          0.00    0.00   clock network delay (ideal)
                          2.00    2.00 ^ input external delay
                  0.06    0.04    2.04 ^ C[10] (in)
     2    0.01                           C[10] (net)
                  0.06    0.00    2.04 ^ _53_/A (sky130_fd_sc_hd__xnor2_2)
                  0.16    0.16    2.20 v _53_/Y (sky130_fd_sc_hd__xnor2_2)
     1    0.04                           Sum[10] (net)
                  0.16    0.00    2.20 v Sum[10] (out)
                                  2.20   data arrival time

                  0.00    0.00    0.00   clock clk (rise edge)
                          0.00    0.00   clock network delay (ideal)
                          0.25    0.25   clock uncertainty
                          0.00    0.25   clock reconvergence pessimism
                         -2.00   -1.75   output external delay
                                 -1.75   data required time
-----------------------------------------------------------------------------
                                 -1.75   data required time
                                 -2.20   data arrival time
-----------------------------------------------------------------------------
                                  3.95   slack (MET)


Startpoint: C[11] (input port clocked by clk)
Endpoint: Sum[11] (output port clocked by clk)
Path Group: clk
Path Type: min

Fanout     Cap    Slew   Delay    Time   Description
-----------------------------------------------------------------------------
                  0.00    0.00    0.00   clock clk (rise edge)
                          0.00    0.00   clock network delay (ideal)
                          2.00    2.00 ^ input external delay
                  0.07    0.04    2.04 ^ C[11] (in)
     2    0.01                           C[11] (net)
                  0.07    0.00    2.04 ^ _55_/A (sky130_fd_sc_hd__xnor2_2)
                  0.16    0.16    2.20 v _55_/Y (sky130_fd_sc_hd__xnor2_2)
     1    0.03                           Sum[11] (net)
                  0.16    0.00    2.20 v Sum[11] (out)
                                  2.20   data arrival time

                  0.00    0.00    0.00   clock clk (rise edge)
                          0.00    0.00   clock network delay (ideal)
                          0.25    0.25   clock uncertainty
                          0.00    0.25   clock reconvergence pessimism
                         -2.00   -1.75   output external delay
                                 -1.75   data required time
-----------------------------------------------------------------------------
                                 -1.75   data required time
                                 -2.20   data arrival time
-----------------------------------------------------------------------------
                                  3.95   slack (MET)


Startpoint: C[12] (input port clocked by clk)
Endpoint: Sum[12] (output port clocked by clk)
Path Group: clk
Path Type: min

Fanout     Cap    Slew   Delay    Time   Description
-----------------------------------------------------------------------------
                  0.00    0.00    0.00   clock clk (rise edge)
                          0.00    0.00   clock network delay (ideal)
                          2.00    2.00 ^ input external delay
                  0.06    0.04    2.04 ^ C[12] (in)
     2    0.01                           C[12] (net)
                  0.06    0.00    2.04 ^ _57_/A (sky130_fd_sc_hd__xnor2_2)
                  0.16    0.16    2.20 v _57_/Y (sky130_fd_sc_hd__xnor2_2)
     1    0.04                           Sum[12] (net)
                  0.16    0.00    2.20 v Sum[12] (out)
                                  2.20   data arrival time

                  0.00    0.00    0.00   clock clk (rise edge)
                          0.00    0.00   clock network delay (ideal)
                          0.25    0.25   clock uncertainty
                          0.00    0.25   clock reconvergence pessimism
                         -2.00   -1.75   output external delay
                                 -1.75   data required time
-----------------------------------------------------------------------------
                                 -1.75   data required time
                                 -2.20   data arrival time
-----------------------------------------------------------------------------
                                  3.95   slack (MET)


Startpoint: C[0] (input port clocked by clk)
Endpoint: Sum[0] (output port clocked by clk)
Path Group: clk
Path Type: min

Fanout     Cap    Slew   Delay    Time   Description
-----------------------------------------------------------------------------
                  0.00    0.00    0.00   clock clk (rise edge)
                          0.00    0.00   clock network delay (ideal)
                          2.00    2.00 ^ input external delay
                  0.06    0.04    2.04 ^ C[0] (in)
     2    0.01                           C[0] (net)
                  0.06    0.00    2.04 ^ _33_/A (sky130_fd_sc_hd__xnor2_2)
                  0.16    0.16    2.20 v _33_/Y (sky130_fd_sc_hd__xnor2_2)
     1    0.04                           Sum[0] (net)
                  0.16    0.00    2.20 v Sum[0] (out)
                                  2.20   data arrival time

                  0.00    0.00    0.00   clock clk (rise edge)
                          0.00    0.00   clock network delay (ideal)
                          0.25    0.25   clock uncertainty
                          0.00    0.25   clock reconvergence pessimism
                         -2.00   -1.75   output external delay
                                 -1.75   data required time
-----------------------------------------------------------------------------
                                 -1.75   data required time
                                 -2.20   data arrival time
-----------------------------------------------------------------------------
                                  3.95   slack (MET)


Startpoint: C[15] (input port clocked by clk)
Endpoint: Sum[15] (output port clocked by clk)
Path Group: clk
Path Type: min

Fanout     Cap    Slew   Delay    Time   Description
-----------------------------------------------------------------------------
                  0.00    0.00    0.00   clock clk (rise edge)
                          0.00    0.00   clock network delay (ideal)
                          2.00    2.00 ^ input external delay
                  0.07    0.05    2.05 ^ C[15] (in)
     2    0.01                           C[15] (net)
                  0.07    0.00    2.05 ^ _63_/A (sky130_fd_sc_hd__xnor2_2)
                  0.16    0.16    2.20 v _63_/Y (sky130_fd_sc_hd__xnor2_2)
     1    0.03                           Sum[15] (net)
                  0.16    0.00    2.20 v Sum[15] (out)
                                  2.20   data arrival time

                  0.00    0.00    0.00   clock clk (rise edge)
                          0.00    0.00   clock network delay (ideal)
                          0.25    0.25   clock uncertainty
                          0.00    0.25   clock reconvergence pessimism
                         -2.00   -1.75   output external delay
                                 -1.75   data required time
-----------------------------------------------------------------------------
                                 -1.75   data required time
                                 -2.20   data arrival time
-----------------------------------------------------------------------------
                                  3.95   slack (MET)


Startpoint: C[14] (input port clocked by clk)
Endpoint: Sum[14] (output port clocked by clk)
Path Group: clk
Path Type: min

Fanout     Cap    Slew   Delay    Time   Description
-----------------------------------------------------------------------------
                  0.00    0.00    0.00   clock clk (rise edge)
                          0.00    0.00   clock network delay (ideal)
                          2.00    2.00 ^ input external delay
                  0.07    0.05    2.05 ^ C[14] (in)
     2    0.01                           C[14] (net)
                  0.07    0.00    2.05 ^ _61_/A (sky130_fd_sc_hd__xnor2_2)
                  0.16    0.16    2.21 v _61_/Y (sky130_fd_sc_hd__xnor2_2)
     1    0.04                           Sum[14] (net)
                  0.16    0.00    2.21 v Sum[14] (out)
                                  2.21   data arrival time

                  0.00    0.00    0.00   clock clk (rise edge)
                          0.00    0.00   clock network delay (ideal)
                          0.25    0.25   clock uncertainty
                          0.00    0.25   clock reconvergence pessimism
                         -2.00   -1.75   output external delay
                                 -1.75   data required time
-----------------------------------------------------------------------------
                                 -1.75   data required time
                                 -2.21   data arrival time
-----------------------------------------------------------------------------
                                  3.96   slack (MET)


Startpoint: C[2] (input port clocked by clk)
Endpoint: Sum[2] (output port clocked by clk)
Path Group: clk
Path Type: min

Fanout     Cap    Slew   Delay    Time   Description
-----------------------------------------------------------------------------
                  0.00    0.00    0.00   clock clk (rise edge)
                          0.00    0.00   clock network delay (ideal)
                          2.00    2.00 ^ input external delay
                  0.07    0.04    2.04 ^ C[2] (in)
     2    0.01                           C[2] (net)
                  0.07    0.00    2.04 ^ _37_/A (sky130_fd_sc_hd__xnor2_2)
                  0.16    0.16    2.21 v _37_/Y (sky130_fd_sc_hd__xnor2_2)
     1    0.04                           Sum[2] (net)
                  0.16    0.00    2.21 v Sum[2] (out)
                                  2.21   data arrival time

                  0.00    0.00    0.00   clock clk (rise edge)
                          0.00    0.00   clock network delay (ideal)
                          0.25    0.25   clock uncertainty
                          0.00    0.25   clock reconvergence pessimism
                         -2.00   -1.75   output external delay
                                 -1.75   data required time
-----------------------------------------------------------------------------
                                 -1.75   data required time
                                 -2.21   data arrival time
-----------------------------------------------------------------------------
                                  3.96   slack (MET)


Startpoint: C[7] (input port clocked by clk)
Endpoint: Sum[7] (output port clocked by clk)
Path Group: clk
Path Type: min

Fanout     Cap    Slew   Delay    Time   Description
-----------------------------------------------------------------------------
                  0.00    0.00    0.00   clock clk (rise edge)
                          0.00    0.00   clock network delay (ideal)
                          2.00    2.00 ^ input external delay
                  0.06    0.04    2.04 ^ C[7] (in)
     2    0.01                           C[7] (net)
                  0.06    0.00    2.04 ^ _47_/A (sky130_fd_sc_hd__xnor2_2)
                  0.17    0.16    2.21 v _47_/Y (sky130_fd_sc_hd__xnor2_2)
     1    0.04                           Sum[7] (net)
                  0.17    0.00    2.21 v Sum[7] (out)
                                  2.21   data arrival time

                  0.00    0.00    0.00   clock clk (rise edge)
                          0.00    0.00   clock network delay (ideal)
                          0.25    0.25   clock uncertainty
                          0.00    0.25   clock reconvergence pessimism
                         -2.00   -1.75   output external delay
                                 -1.75   data required time
-----------------------------------------------------------------------------
                                 -1.75   data required time
                                 -2.21   data arrival time
-----------------------------------------------------------------------------
                                  3.96   slack (MET)


Startpoint: C[4] (input port clocked by clk)
Endpoint: Sum[4] (output port clocked by clk)
Path Group: clk
Path Type: min

Fanout     Cap    Slew   Delay    Time   Description
-----------------------------------------------------------------------------
                  0.00    0.00    0.00   clock clk (rise edge)
                          0.00    0.00   clock network delay (ideal)
                          2.00    2.00 ^ input external delay
                  0.07    0.04    2.04 ^ C[4] (in)
     2    0.01                           C[4] (net)
                  0.07    0.00    2.04 ^ _41_/A (sky130_fd_sc_hd__xnor2_2)
                  0.17    0.16    2.21 v _41_/Y (sky130_fd_sc_hd__xnor2_2)
     1    0.04                           Sum[4] (net)
                  0.17    0.00    2.21 v Sum[4] (out)
                                  2.21   data arrival time

                  0.00    0.00    0.00   clock clk (rise edge)
                          0.00    0.00   clock network delay (ideal)
                          0.25    0.25   clock uncertainty
                          0.00    0.25   clock reconvergence pessimism
                         -2.00   -1.75   output external delay
                                 -1.75   data required time
-----------------------------------------------------------------------------
                                 -1.75   data required time
                                 -2.21   data arrival time
-----------------------------------------------------------------------------
                                  3.96   slack (MET)


Startpoint: C[3] (input port clocked by clk)
Endpoint: Sum[3] (output port clocked by clk)
Path Group: clk
Path Type: min

Fanout     Cap    Slew   Delay    Time   Description
-----------------------------------------------------------------------------
                  0.00    0.00    0.00   clock clk (rise edge)
                          0.00    0.00   clock network delay (ideal)
                          2.00    2.00 ^ input external delay
                  0.07    0.04    2.04 ^ C[3] (in)
     2    0.01                           C[3] (net)
                  0.07    0.00    2.04 ^ _39_/A (sky130_fd_sc_hd__xnor2_2)
                  0.17    0.17    2.21 v _39_/Y (sky130_fd_sc_hd__xnor2_2)
     1    0.04                           Sum[3] (net)
                  0.17    0.00    2.21 v Sum[3] (out)
                                  2.21   data arrival time

                  0.00    0.00    0.00   clock clk (rise edge)
                          0.00    0.00   clock network delay (ideal)
                          0.25    0.25   clock uncertainty
                          0.00    0.25   clock reconvergence pessimism
                         -2.00   -1.75   output external delay
                                 -1.75   data required time
-----------------------------------------------------------------------------
                                 -1.75   data required time
                                 -2.21   data arrival time
-----------------------------------------------------------------------------
                                  3.96   slack (MET)


Startpoint: C[1] (input port clocked by clk)
Endpoint: Sum[1] (output port clocked by clk)
Path Group: clk
Path Type: min

Fanout     Cap    Slew   Delay    Time   Description
-----------------------------------------------------------------------------
                  0.00    0.00    0.00   clock clk (rise edge)
                          0.00    0.00   clock network delay (ideal)
                          2.00    2.00 ^ input external delay
                  0.07    0.05    2.05 ^ C[1] (in)
     2    0.01                           C[1] (net)
                  0.07    0.00    2.05 ^ _35_/A (sky130_fd_sc_hd__xnor2_2)
                  0.17    0.16    2.21 v _35_/Y (sky130_fd_sc_hd__xnor2_2)
     1    0.04                           Sum[1] (net)
                  0.17    0.00    2.21 v Sum[1] (out)
                                  2.21   data arrival time

                  0.00    0.00    0.00   clock clk (rise edge)
                          0.00    0.00   clock network delay (ideal)
                          0.25    0.25   clock uncertainty
                          0.00    0.25   clock reconvergence pessimism
                         -2.00   -1.75   output external delay
                                 -1.75   data required time
-----------------------------------------------------------------------------
                                 -1.75   data required time
                                 -2.21   data arrival time
-----------------------------------------------------------------------------
                                  3.96   slack (MET)


Startpoint: C[8] (input port clocked by clk)
Endpoint: Sum[8] (output port clocked by clk)
Path Group: clk
Path Type: min

Fanout     Cap    Slew   Delay    Time   Description
-----------------------------------------------------------------------------
                  0.00    0.00    0.00   clock clk (rise edge)
                          0.00    0.00   clock network delay (ideal)
                          2.00    2.00 ^ input external delay
                  0.07    0.04    2.04 ^ C[8] (in)
     2    0.01                           C[8] (net)
                  0.07    0.00    2.04 ^ _49_/A (sky130_fd_sc_hd__xnor2_2)
                  0.17    0.17    2.21 v _49_/Y (sky130_fd_sc_hd__xnor2_2)
     1    0.04                           Sum[8] (net)
                  0.17    0.00    2.21 v Sum[8] (out)
                                  2.21   data arrival time

                  0.00    0.00    0.00   clock clk (rise edge)
                          0.00    0.00   clock network delay (ideal)
                          0.25    0.25   clock uncertainty
                          0.00    0.25   clock reconvergence pessimism
                         -2.00   -1.75   output external delay
                                 -1.75   data required time
-----------------------------------------------------------------------------
                                 -1.75   data required time
                                 -2.21   data arrival time
-----------------------------------------------------------------------------
                                  3.96   slack (MET)


Startpoint: C[13] (input port clocked by clk)
Endpoint: Sum[13] (output port clocked by clk)
Path Group: clk
Path Type: min

Fanout     Cap    Slew   Delay    Time   Description
-----------------------------------------------------------------------------
                  0.00    0.00    0.00   clock clk (rise edge)
                          0.00    0.00   clock network delay (ideal)
                          2.00    2.00 ^ input external delay
                  0.08    0.05    2.05 ^ C[13] (in)
     2    0.02                           C[13] (net)
                  0.08    0.00    2.05 ^ _59_/A (sky130_fd_sc_hd__xnor2_2)
                  0.16    0.16    2.21 v _59_/Y (sky130_fd_sc_hd__xnor2_2)
     1    0.03                           Sum[13] (net)
                  0.16    0.00    2.22 v Sum[13] (out)
                                  2.22   data arrival time

                  0.00    0.00    0.00   clock clk (rise edge)
                          0.00    0.00   clock network delay (ideal)
                          0.25    0.25   clock uncertainty
                          0.00    0.25   clock reconvergence pessimism
                         -2.00   -1.75   output external delay
                                 -1.75   data required time
-----------------------------------------------------------------------------
                                 -1.75   data required time
                                 -2.22   data arrival time
-----------------------------------------------------------------------------
                                  3.97   slack (MET)


Startpoint: C[6] (input port clocked by clk)
Endpoint: Sum[6] (output port clocked by clk)
Path Group: clk
Path Type: min

Fanout     Cap    Slew   Delay    Time   Description
-----------------------------------------------------------------------------
                  0.00    0.00    0.00   clock clk (rise edge)
                          0.00    0.00   clock network delay (ideal)
                          2.00    2.00 ^ input external delay
                  0.09    0.06    2.06 ^ C[6] (in)
     2    0.02                           C[6] (net)
                  0.09    0.00    2.06 ^ _45_/A (sky130_fd_sc_hd__xnor2_2)
                  0.16    0.16    2.22 v _45_/Y (sky130_fd_sc_hd__xnor2_2)
     1    0.03                           Sum[6] (net)
                  0.16    0.00    2.22 v Sum[6] (out)
                                  2.22   data arrival time

                  0.00    0.00    0.00   clock clk (rise edge)
                          0.00    0.00   clock network delay (ideal)
                          0.25    0.25   clock uncertainty
                          0.00    0.25   clock reconvergence pessimism
                         -2.00   -1.75   output external delay
                                 -1.75   data required time
-----------------------------------------------------------------------------
                                 -1.75   data required time
                                 -2.22   data arrival time
-----------------------------------------------------------------------------
                                  3.97   slack (MET)


Startpoint: C[9] (input port clocked by clk)
Endpoint: Sum[9] (output port clocked by clk)
Path Group: clk
Path Type: min

Fanout     Cap    Slew   Delay    Time   Description
-----------------------------------------------------------------------------
                  0.00    0.00    0.00   clock clk (rise edge)
                          0.00    0.00   clock network delay (ideal)
                          2.00    2.00 ^ input external delay
                  0.09    0.06    2.06 ^ C[9] (in)
     2    0.02                           C[9] (net)
                  0.09    0.00    2.06 ^ _51_/A (sky130_fd_sc_hd__xnor2_2)
                  0.16    0.16    2.22 v _51_/Y (sky130_fd_sc_hd__xnor2_2)
     1    0.03                           Sum[9] (net)
                  0.16    0.00    2.22 v Sum[9] (out)
                                  2.22   data arrival time

                  0.00    0.00    0.00   clock clk (rise edge)
                          0.00    0.00   clock network delay (ideal)
                          0.25    0.25   clock uncertainty
                          0.00    0.25   clock reconvergence pessimism
                         -2.00   -1.75   output external delay
                                 -1.75   data required time
-----------------------------------------------------------------------------
                                 -1.75   data required time
                                 -2.22   data arrival time
-----------------------------------------------------------------------------
                                  3.97   slack (MET)


Startpoint: C[5] (input port clocked by clk)
Endpoint: Sum[5] (output port clocked by clk)
Path Group: clk
Path Type: min

Fanout     Cap    Slew   Delay    Time   Description
-----------------------------------------------------------------------------
                  0.00    0.00    0.00   clock clk (rise edge)
                          0.00    0.00   clock network delay (ideal)
                          2.00    2.00 ^ input external delay
                  0.09    0.06    2.06 ^ C[5] (in)
     2    0.02                           C[5] (net)
                  0.09    0.00    2.06 ^ _43_/A (sky130_fd_sc_hd__xnor2_2)
                  0.17    0.17    2.22 v _43_/Y (sky130_fd_sc_hd__xnor2_2)
     1    0.04                           Sum[5] (net)
                  0.17    0.00    2.22 v Sum[5] (out)
                                  2.22   data arrival time

                  0.00    0.00    0.00   clock clk (rise edge)
                          0.00    0.00   clock network delay (ideal)
                          0.25    0.25   clock uncertainty
                          0.00    0.25   clock reconvergence pessimism
                         -2.00   -1.75   output external delay
                                 -1.75   data required time
-----------------------------------------------------------------------------
                                 -1.75   data required time
                                 -2.22   data arrival time
-----------------------------------------------------------------------------
                                  3.97   slack (MET)


Startpoint: A[4] (input port clocked by clk)
Endpoint: Carry[4] (output port clocked by clk)
Path Group: clk
Path Type: min

Fanout     Cap    Slew   Delay    Time   Description
-----------------------------------------------------------------------------
                  0.00    0.00    0.00   clock clk (rise edge)
                          0.00    0.00   clock network delay (ideal)
                          2.00    2.00 ^ input external delay
                  0.07    0.05    2.05 ^ A[4] (in)
     3    0.01                           A[4] (net)
                  0.07    0.00    2.05 ^ _73_/A2 (sky130_fd_sc_hd__o21a_2)
                  0.18    0.22    2.26 ^ _73_/X (sky130_fd_sc_hd__o21a_2)
     1    0.03                           Carry[4] (net)
                  0.18    0.00    2.26 ^ Carry[4] (out)
                                  2.26   data arrival time

                  0.00    0.00    0.00   clock clk (rise edge)
                          0.00    0.00   clock network delay (ideal)
                          0.25    0.25   clock uncertainty
                          0.00    0.25   clock reconvergence pessimism
                         -2.00   -1.75   output external delay
                                 -1.75   data required time
-----------------------------------------------------------------------------
                                 -1.75   data required time
                                 -2.26   data arrival time
-----------------------------------------------------------------------------
                                  4.01   slack (MET)


Startpoint: A[9] (input port clocked by clk)
Endpoint: Carry[9] (output port clocked by clk)
Path Group: clk
Path Type: min

Fanout     Cap    Slew   Delay    Time   Description
-----------------------------------------------------------------------------
                  0.00    0.00    0.00   clock clk (rise edge)
                          0.00    0.00   clock network delay (ideal)
                          2.00    2.00 ^ input external delay
                  0.08    0.05    2.05 ^ A[9] (in)
     3    0.02                           A[9] (net)
                  0.08    0.00    2.05 ^ _83_/A2 (sky130_fd_sc_hd__o21a_2)
                  0.19    0.22    2.27 ^ _83_/X (sky130_fd_sc_hd__o21a_2)
     1    0.03                           Carry[9] (net)
                  0.19    0.00    2.27 ^ Carry[9] (out)
                                  2.27   data arrival time

                  0.00    0.00    0.00   clock clk (rise edge)
                          0.00    0.00   clock network delay (ideal)
                          0.25    0.25   clock uncertainty
                          0.00    0.25   clock reconvergence pessimism
                         -2.00   -1.75   output external delay
                                 -1.75   data required time
-----------------------------------------------------------------------------
                                 -1.75   data required time
                                 -2.27   data arrival time
-----------------------------------------------------------------------------
                                  4.02   slack (MET)


Startpoint: A[10] (input port clocked by clk)
Endpoint: Carry[10] (output port clocked by clk)
Path Group: clk
Path Type: min

Fanout     Cap    Slew   Delay    Time   Description
-----------------------------------------------------------------------------
                  0.00    0.00    0.00   clock clk (rise edge)
                          0.00    0.00   clock network delay (ideal)
                          2.00    2.00 ^ input external delay
                  0.08    0.05    2.05 ^ A[10] (in)
     3    0.02                           A[10] (net)
                  0.08    0.00    2.05 ^ _85_/A2 (sky130_fd_sc_hd__o21a_2)
                  0.19    0.22    2.27 ^ _85_/X (sky130_fd_sc_hd__o21a_2)
     1    0.03                           Carry[10] (net)
                  0.19    0.00    2.27 ^ Carry[10] (out)
                                  2.27   data arrival time

                  0.00    0.00    0.00   clock clk (rise edge)
                          0.00    0.00   clock network delay (ideal)
                          0.25    0.25   clock uncertainty
                          0.00    0.25   clock reconvergence pessimism
                         -2.00   -1.75   output external delay
                                 -1.75   data required time
-----------------------------------------------------------------------------
                                 -1.75   data required time
                                 -2.27   data arrival time
-----------------------------------------------------------------------------
                                  4.02   slack (MET)


Startpoint: A[1] (input port clocked by clk)
Endpoint: Carry[1] (output port clocked by clk)
Path Group: clk
Path Type: min

Fanout     Cap    Slew   Delay    Time   Description
-----------------------------------------------------------------------------
                  0.00    0.00    0.00   clock clk (rise edge)
                          0.00    0.00   clock network delay (ideal)
                          2.00    2.00 ^ input external delay
                  0.08    0.05    2.05 ^ A[1] (in)
     3    0.02                           A[1] (net)
                  0.08    0.00    2.05 ^ _67_/A2 (sky130_fd_sc_hd__o21a_2)
                  0.19    0.22    2.27 ^ _67_/X (sky130_fd_sc_hd__o21a_2)
     1    0.04                           Carry[1] (net)
                  0.19    0.00    2.27 ^ Carry[1] (out)
                                  2.27   data arrival time

                  0.00    0.00    0.00   clock clk (rise edge)
                          0.00    0.00   clock network delay (ideal)
                          0.25    0.25   clock uncertainty
                          0.00    0.25   clock reconvergence pessimism
                         -2.00   -1.75   output external delay
                                 -1.75   data required time
-----------------------------------------------------------------------------
                                 -1.75   data required time
                                 -2.27   data arrival time
-----------------------------------------------------------------------------
                                  4.02   slack (MET)


Startpoint: A[7] (input port clocked by clk)
Endpoint: Carry[7] (output port clocked by clk)
Path Group: clk
Path Type: min

Fanout     Cap    Slew   Delay    Time   Description
-----------------------------------------------------------------------------
                  0.00    0.00    0.00   clock clk (rise edge)
                          0.00    0.00   clock network delay (ideal)
                          2.00    2.00 ^ input external delay
                  0.07    0.05    2.05 ^ A[7] (in)
     3    0.01                           A[7] (net)
                  0.07    0.00    2.05 ^ _79_/A2 (sky130_fd_sc_hd__o21a_2)
                  0.20    0.23    2.27 ^ _79_/X (sky130_fd_sc_hd__o21a_2)
     1    0.04                           Carry[7] (net)
                  0.20    0.00    2.27 ^ Carry[7] (out)
                                  2.27   data arrival time

                  0.00    0.00    0.00   clock clk (rise edge)
                          0.00    0.00   clock network delay (ideal)
                          0.25    0.25   clock uncertainty
                          0.00    0.25   clock reconvergence pessimism
                         -2.00   -1.75   output external delay
                                 -1.75   data required time
-----------------------------------------------------------------------------
                                 -1.75   data required time
                                 -2.27   data arrival time
-----------------------------------------------------------------------------
                                  4.02   slack (MET)


Startpoint: A[0] (input port clocked by clk)
Endpoint: Carry[0] (output port clocked by clk)
Path Group: clk
Path Type: min

Fanout     Cap    Slew   Delay    Time   Description
-----------------------------------------------------------------------------
                  0.00    0.00    0.00   clock clk (rise edge)
                          0.00    0.00   clock network delay (ideal)
                          2.00    2.00 ^ input external delay
                  0.08    0.05    2.05 ^ A[0] (in)
     3    0.02                           A[0] (net)
                  0.08    0.00    2.05 ^ _65_/A2 (sky130_fd_sc_hd__o21a_2)
                  0.20    0.23    2.28 ^ _65_/X (sky130_fd_sc_hd__o21a_2)
     1    0.04                           Carry[0] (net)
                  0.20    0.00    2.28 ^ Carry[0] (out)
                                  2.28   data arrival time

                  0.00    0.00    0.00   clock clk (rise edge)
                          0.00    0.00   clock network delay (ideal)
                          0.25    0.25   clock uncertainty
                          0.00    0.25   clock reconvergence pessimism
                         -2.00   -1.75   output external delay
                                 -1.75   data required time
-----------------------------------------------------------------------------
                                 -1.75   data required time
                                 -2.28   data arrival time
-----------------------------------------------------------------------------
                                  4.03   slack (MET)


Startpoint: A[11] (input port clocked by clk)
Endpoint: Carry[11] (output port clocked by clk)
Path Group: clk
Path Type: min

Fanout     Cap    Slew   Delay    Time   Description
-----------------------------------------------------------------------------
                  0.00    0.00    0.00   clock clk (rise edge)
                          0.00    0.00   clock network delay (ideal)
                          2.00    2.00 ^ input external delay
                  0.08    0.05    2.05 ^ A[11] (in)
     3    0.02                           A[11] (net)
                  0.08    0.00    2.05 ^ _87_/A2 (sky130_fd_sc_hd__o21a_2)
                  0.19    0.22    2.28 ^ _87_/X (sky130_fd_sc_hd__o21a_2)
     1    0.04                           Carry[11] (net)
                  0.19    0.00    2.28 ^ Carry[11] (out)
                                  2.28   data arrival time

                  0.00    0.00    0.00   clock clk (rise edge)
                          0.00    0.00   clock network delay (ideal)
                          0.25    0.25   clock uncertainty
                          0.00    0.25   clock reconvergence pessimism
                         -2.00   -1.75   output external delay
                                 -1.75   data required time
-----------------------------------------------------------------------------
                                 -1.75   data required time
                                 -2.28   data arrival time
-----------------------------------------------------------------------------
                                  4.03   slack (MET)


Startpoint: A[13] (input port clocked by clk)
Endpoint: Carry[13] (output port clocked by clk)
Path Group: clk
Path Type: min

Fanout     Cap    Slew   Delay    Time   Description
-----------------------------------------------------------------------------
                  0.00    0.00    0.00   clock clk (rise edge)
                          0.00    0.00   clock network delay (ideal)
                          2.00    2.00 ^ input external delay
                  0.08    0.06    2.06 ^ A[13] (in)
     3    0.02                           A[13] (net)
                  0.08    0.00    2.06 ^ _91_/A2 (sky130_fd_sc_hd__o21a_2)
                  0.19    0.22    2.28 ^ _91_/X (sky130_fd_sc_hd__o21a_2)
     1    0.04                           Carry[13] (net)
                  0.19    0.00    2.28 ^ Carry[13] (out)
                                  2.28   data arrival time

                  0.00    0.00    0.00   clock clk (rise edge)
                          0.00    0.00   clock network delay (ideal)
                          0.25    0.25   clock uncertainty
                          0.00    0.25   clock reconvergence pessimism
                         -2.00   -1.75   output external delay
                                 -1.75   data required time
-----------------------------------------------------------------------------
                                 -1.75   data required time
                                 -2.28   data arrival time
-----------------------------------------------------------------------------
                                  4.03   slack (MET)


Startpoint: A[14] (input port clocked by clk)
Endpoint: Carry[14] (output port clocked by clk)
Path Group: clk
Path Type: min

Fanout     Cap    Slew   Delay    Time   Description
-----------------------------------------------------------------------------
                  0.00    0.00    0.00   clock clk (rise edge)
                          0.00    0.00   clock network delay (ideal)
                          2.00    2.00 ^ input external delay
                  0.09    0.06    2.06 ^ A[14] (in)
     3    0.02                           A[14] (net)
                  0.09    0.00    2.06 ^ _93_/A2 (sky130_fd_sc_hd__o21a_2)
                  0.19    0.22    2.28 ^ _93_/X (sky130_fd_sc_hd__o21a_2)
     1    0.04                           Carry[14] (net)
                  0.19    0.00    2.28 ^ Carry[14] (out)
                                  2.28   data arrival time

                  0.00    0.00    0.00   clock clk (rise edge)
                          0.00    0.00   clock network delay (ideal)
                          0.25    0.25   clock uncertainty
                          0.00    0.25   clock reconvergence pessimism
                         -2.00   -1.75   output external delay
                                 -1.75   data required time
-----------------------------------------------------------------------------
                                 -1.75   data required time
                                 -2.28   data arrival time
-----------------------------------------------------------------------------
                                  4.03   slack (MET)


Startpoint: A[6] (input port clocked by clk)
Endpoint: Carry[6] (output port clocked by clk)
Path Group: clk
Path Type: min

Fanout     Cap    Slew   Delay    Time   Description
-----------------------------------------------------------------------------
                  0.00    0.00    0.00   clock clk (rise edge)
                          0.00    0.00   clock network delay (ideal)
                          2.00    2.00 ^ input external delay
                  0.08    0.05    2.05 ^ A[6] (in)
     3    0.02                           A[6] (net)
                  0.08    0.00    2.05 ^ _77_/A2 (sky130_fd_sc_hd__o21a_2)
                  0.20    0.23    2.28 ^ _77_/X (sky130_fd_sc_hd__o21a_2)
     1    0.04                           Carry[6] (net)
                  0.20    0.00    2.28 ^ Carry[6] (out)
                                  2.28   data arrival time

                  0.00    0.00    0.00   clock clk (rise edge)
                          0.00    0.00   clock network delay (ideal)
                          0.25    0.25   clock uncertainty
                          0.00    0.25   clock reconvergence pessimism
                         -2.00   -1.75   output external delay
                                 -1.75   data required time
-----------------------------------------------------------------------------
                                 -1.75   data required time
                                 -2.28   data arrival time
-----------------------------------------------------------------------------
                                  4.03   slack (MET)


Startpoint: A[5] (input port clocked by clk)
Endpoint: Carry[5] (output port clocked by clk)
Path Group: clk
Path Type: min

Fanout     Cap    Slew   Delay    Time   Description
-----------------------------------------------------------------------------
                  0.00    0.00    0.00   clock clk (rise edge)
                          0.00    0.00   clock network delay (ideal)
                          2.00    2.00 v input external delay
                  0.04    0.02    2.02 v A[5] (in)
     3    0.02                           A[5] (net)
                  0.04    0.00    2.02 v _75_/A2 (sky130_fd_sc_hd__o21a_2)
                  0.10    0.26    2.28 v _75_/X (sky130_fd_sc_hd__o21a_2)
     1    0.04                           Carry[5] (net)
                  0.10    0.00    2.28 v Carry[5] (out)
                                  2.28   data arrival time

                  0.00    0.00    0.00   clock clk (rise edge)
                          0.00    0.00   clock network delay (ideal)
                          0.25    0.25   clock uncertainty
                          0.00    0.25   clock reconvergence pessimism
                         -2.00   -1.75   output external delay
                                 -1.75   data required time
-----------------------------------------------------------------------------
                                 -1.75   data required time
                                 -2.28   data arrival time
-----------------------------------------------------------------------------
                                  4.03   slack (MET)


Startpoint: A[8] (input port clocked by clk)
Endpoint: Carry[8] (output port clocked by clk)
Path Group: clk
Path Type: min

Fanout     Cap    Slew   Delay    Time   Description
-----------------------------------------------------------------------------
                  0.00    0.00    0.00   clock clk (rise edge)
                          0.00    0.00   clock network delay (ideal)
                          2.00    2.00 v input external delay
                  0.04    0.03    2.03 v A[8] (in)
     3    0.02                           A[8] (net)
                  0.04    0.00    2.03 v _81_/A2 (sky130_fd_sc_hd__o21a_2)
                  0.10    0.26    2.28 v _81_/X (sky130_fd_sc_hd__o21a_2)
     1    0.04                           Carry[8] (net)
                  0.10    0.00    2.28 v Carry[8] (out)
                                  2.28   data arrival time

                  0.00    0.00    0.00   clock clk (rise edge)
                          0.00    0.00   clock network delay (ideal)
                          0.25    0.25   clock uncertainty
                          0.00    0.25   clock reconvergence pessimism
                         -2.00   -1.75   output external delay
                                 -1.75   data required time
-----------------------------------------------------------------------------
                                 -1.75   data required time
                                 -2.28   data arrival time
-----------------------------------------------------------------------------
                                  4.03   slack (MET)


Startpoint: A[3] (input port clocked by clk)
Endpoint: Carry[3] (output port clocked by clk)
Path Group: clk
Path Type: min

Fanout     Cap    Slew   Delay    Time   Description
-----------------------------------------------------------------------------
                  0.00    0.00    0.00   clock clk (rise edge)
                          0.00    0.00   clock network delay (ideal)
                          2.00    2.00 v input external delay
                  0.04    0.02    2.02 v A[3] (in)
     3    0.02                           A[3] (net)
                  0.04    0.00    2.02 v _71_/A2 (sky130_fd_sc_hd__o21a_2)
                  0.10    0.26    2.28 v _71_/X (sky130_fd_sc_hd__o21a_2)
     1    0.04                           Carry[3] (net)
                  0.10    0.00    2.28 v Carry[3] (out)
                                  2.28   data arrival time

                  0.00    0.00    0.00   clock clk (rise edge)
                          0.00    0.00   clock network delay (ideal)
                          0.25    0.25   clock uncertainty
                          0.00    0.25   clock reconvergence pessimism
                         -2.00   -1.75   output external delay
                                 -1.75   data required time
-----------------------------------------------------------------------------
                                 -1.75   data required time
                                 -2.28   data arrival time
-----------------------------------------------------------------------------
                                  4.03   slack (MET)


Startpoint: A[12] (input port clocked by clk)
Endpoint: Carry[12] (output port clocked by clk)
Path Group: clk
Path Type: min

Fanout     Cap    Slew   Delay    Time   Description
-----------------------------------------------------------------------------
                  0.00    0.00    0.00   clock clk (rise edge)
                          0.00    0.00   clock network delay (ideal)
                          2.00    2.00 v input external delay
                  0.04    0.03    2.03 v A[12] (in)
     3    0.02                           A[12] (net)
                  0.04    0.00    2.03 v _89_/A2 (sky130_fd_sc_hd__o21a_2)
                  0.10    0.26    2.28 v _89_/X (sky130_fd_sc_hd__o21a_2)
     1    0.04                           Carry[12] (net)
                  0.10    0.00    2.28 v Carry[12] (out)
                                  2.28   data arrival time

                  0.00    0.00    0.00   clock clk (rise edge)
                          0.00    0.00   clock network delay (ideal)
                          0.25    0.25   clock uncertainty
                          0.00    0.25   clock reconvergence pessimism
                         -2.00   -1.75   output external delay
                                 -1.75   data required time
-----------------------------------------------------------------------------
                                 -1.75   data required time
                                 -2.28   data arrival time
-----------------------------------------------------------------------------
                                  4.03   slack (MET)


Startpoint: A[2] (input port clocked by clk)
Endpoint: Carry[2] (output port clocked by clk)
Path Group: clk
Path Type: min

Fanout     Cap    Slew   Delay    Time   Description
-----------------------------------------------------------------------------
                  0.00    0.00    0.00   clock clk (rise edge)
                          0.00    0.00   clock network delay (ideal)
                          2.00    2.00 v input external delay
                  0.04    0.03    2.03 v A[2] (in)
     3    0.02                           A[2] (net)
                  0.04    0.00    2.03 v _69_/A2 (sky130_fd_sc_hd__o21a_2)
                  0.10    0.26    2.29 v _69_/X (sky130_fd_sc_hd__o21a_2)
     1    0.04                           Carry[2] (net)
                  0.10    0.00    2.29 v Carry[2] (out)
                                  2.29   data arrival time

                  0.00    0.00    0.00   clock clk (rise edge)
                          0.00    0.00   clock network delay (ideal)
                          0.25    0.25   clock uncertainty
                          0.00    0.25   clock reconvergence pessimism
                         -2.00   -1.75   output external delay
                                 -1.75   data required time
-----------------------------------------------------------------------------
                                 -1.75   data required time
                                 -2.29   data arrival time
-----------------------------------------------------------------------------
                                  4.04   slack (MET)


Startpoint: A[15] (input port clocked by clk)
Endpoint: Carry[15] (output port clocked by clk)
Path Group: clk
Path Type: min

Fanout     Cap    Slew   Delay    Time   Description
-----------------------------------------------------------------------------
                  0.00    0.00    0.00   clock clk (rise edge)
                          0.00    0.00   clock network delay (ideal)
                          2.00    2.00 v input external delay
                  0.04    0.03    2.03 v A[15] (in)
     3    0.02                           A[15] (net)
                  0.04    0.00    2.03 v _95_/A2 (sky130_fd_sc_hd__o21a_2)
                  0.10    0.26    2.29 v _95_/X (sky130_fd_sc_hd__o21a_2)
     1    0.04                           Carry[15] (net)
                  0.10    0.00    2.29 v Carry[15] (out)
                                  2.29   data arrival time

                  0.00    0.00    0.00   clock clk (rise edge)
                          0.00    0.00   clock network delay (ideal)
                          0.25    0.25   clock uncertainty
                          0.00    0.25   clock reconvergence pessimism
                         -2.00   -1.75   output external delay
                                 -1.75   data required time
-----------------------------------------------------------------------------
                                 -1.75   data required time
                                 -2.29   data arrival time
-----------------------------------------------------------------------------
                                  4.04   slack (MET)



