
===========================================================================
report_checks -unconstrained
===========================================================================
======================= Typical Corner ===================================

Startpoint: multiplicand[1] (input port clocked by clk)
Endpoint: product[15] (output port clocked by clk)
Path Group: clk
Path Type: max

Fanout     Cap    Slew   Delay    Time   Description
-----------------------------------------------------------------------------
                  0.00    0.00    0.00   clock clk (rise edge)
                          0.00    0.00   clock network delay (ideal)
                          2.00    2.00 v input external delay
                  0.01    0.00    2.00 v multiplicand[1] (in)
     1    0.00                           multiplicand[1] (net)
                  0.01    0.00    2.00 v input2/A (sky130_fd_sc_hd__dlymetal6s2s_1)
                  0.16    0.23    2.24 v input2/X (sky130_fd_sc_hd__dlymetal6s2s_1)
     3    0.03                           net2 (net)
                  0.16    0.00    2.24 v _468_/D (sky130_fd_sc_hd__or4_4)
                  0.09    0.48    2.72 v _468_/X (sky130_fd_sc_hd__or4_4)
     1    0.01                           _387_ (net)
                  0.09    0.00    2.72 v _469_/A (sky130_fd_sc_hd__buf_8)
                  0.04    0.16    2.88 v _469_/X (sky130_fd_sc_hd__buf_8)
     7    0.03                           _395_ (net)
                  0.04    0.00    2.88 v _470_/C (sky130_fd_sc_hd__or3_4)
                  0.10    0.40    3.28 v _470_/X (sky130_fd_sc_hd__or3_4)
     4    0.03                           _402_ (net)
                  0.10    0.00    3.28 v _485_/B (sky130_fd_sc_hd__xor2_4)
                  0.09    0.20    3.48 v _485_/X (sky130_fd_sc_hd__xor2_4)
     6    0.02                           _418_ (net)
                  0.09    0.00    3.48 v _488_/B1 (sky130_fd_sc_hd__a221o_1)
                  0.08    0.35    3.84 v _488_/X (sky130_fd_sc_hd__a221o_1)
     2    0.01                           _421_ (net)
                  0.08    0.00    3.84 v _489_/B (sky130_fd_sc_hd__and2b_1)
                  0.04    0.18    4.02 v _489_/X (sky130_fd_sc_hd__and2b_1)
     1    0.00                           _422_ (net)
                  0.04    0.00    4.02 v _490_/B (sky130_fd_sc_hd__xor2_1)
                  0.04    0.14    4.16 v _490_/X (sky130_fd_sc_hd__xor2_1)
     1    0.00                           _423_ (net)
                  0.04    0.00    4.16 v _492_/A2 (sky130_fd_sc_hd__a21o_1)
                  0.11    0.25    4.41 v _492_/X (sky130_fd_sc_hd__a21o_1)
     3    0.02                           _425_ (net)
                  0.11    0.00    4.41 v _498_/A (sky130_fd_sc_hd__xnor2_2)
                  0.30    0.32    4.74 ^ _498_/Y (sky130_fd_sc_hd__xnor2_2)
     3    0.02                           _431_ (net)
                  0.30    0.00    4.74 ^ _578_/A3 (sky130_fd_sc_hd__a31oi_1)
                  0.08    0.13    4.87 v _578_/Y (sky130_fd_sc_hd__a31oi_1)
     1    0.00                           _057_ (net)
                  0.08    0.00    4.87 v _583_/A2 (sky130_fd_sc_hd__a211o_1)
                  0.07    0.34    5.21 v _583_/X (sky130_fd_sc_hd__a211o_1)
     2    0.01                           _062_ (net)
                  0.07    0.00    5.21 v rebuffer18/A (sky130_fd_sc_hd__buf_1)
                  0.06    0.13    5.35 v rebuffer18/X (sky130_fd_sc_hd__buf_1)
     2    0.01                           net50 (net)
                  0.06    0.00    5.35 v _599_/A2 (sky130_fd_sc_hd__a21oi_1)
                  0.11    0.15    5.50 ^ _599_/Y (sky130_fd_sc_hd__a21oi_1)
     1    0.00                           _078_ (net)
                  0.11    0.00    5.50 ^ _602_/A1 (sky130_fd_sc_hd__o21a_1)
                  0.19    0.26    5.75 ^ _602_/X (sky130_fd_sc_hd__o21a_1)
     3    0.02                           _081_ (net)
                  0.19    0.00    5.76 ^ _604_/A (sky130_fd_sc_hd__xor2_1)
                  0.22    0.25    6.01 ^ _604_/X (sky130_fd_sc_hd__xor2_1)
     3    0.01                           _083_ (net)
                  0.22    0.00    6.01 ^ _629_/A (sky130_fd_sc_hd__nor2_1)
                  0.06    0.08    6.10 v _629_/Y (sky130_fd_sc_hd__nor2_1)
     1    0.00                           _108_ (net)
                  0.06    0.00    6.10 v _631_/B1 (sky130_fd_sc_hd__o22a_1)
                  0.08    0.23    6.33 v _631_/X (sky130_fd_sc_hd__o22a_1)
     3    0.01                           _110_ (net)
                  0.08    0.00    6.33 v _633_/A (sky130_fd_sc_hd__xnor2_1)
                  0.19    0.22    6.55 ^ _633_/Y (sky130_fd_sc_hd__xnor2_1)
     2    0.01                           _112_ (net)
                  0.19    0.00    6.55 ^ _640_/A1 (sky130_fd_sc_hd__o21ai_1)
                  0.10    0.15    6.70 v _640_/Y (sky130_fd_sc_hd__o21ai_1)
     2    0.01                           _119_ (net)
                  0.10    0.00    6.70 v _670_/A2 (sky130_fd_sc_hd__a21o_1)
                  0.07    0.24    6.94 v _670_/X (sky130_fd_sc_hd__a21o_1)
     2    0.01                           _148_ (net)
                  0.07    0.00    6.94 v _699_/A (sky130_fd_sc_hd__xor2_1)
                  0.10    0.20    7.14 v _699_/X (sky130_fd_sc_hd__xor2_1)
     3    0.01                           _177_ (net)
                  0.10    0.00    7.14 v _706_/A2 (sky130_fd_sc_hd__a211o_1)
                  0.08    0.36    7.50 v _706_/X (sky130_fd_sc_hd__a211o_1)
     3    0.01                           _184_ (net)
                  0.08    0.00    7.50 v _754_/A1 (sky130_fd_sc_hd__a21bo_1)
                  0.06    0.22    7.72 v _754_/X (sky130_fd_sc_hd__a21bo_1)
     3    0.01                           _231_ (net)
                  0.06    0.00    7.72 v _795_/A2 (sky130_fd_sc_hd__a21bo_1)
                  0.06    0.23    7.95 v _795_/X (sky130_fd_sc_hd__a21bo_1)
     3    0.01                           _275_ (net)
                  0.06    0.00    7.95 v _831_/A2 (sky130_fd_sc_hd__a21bo_1)
                  0.05    0.22    8.17 v _831_/X (sky130_fd_sc_hd__a21bo_1)
     2    0.01                           _314_ (net)
                  0.05    0.00    8.17 v _833_/C (sky130_fd_sc_hd__and3_1)
                  0.05    0.20    8.37 v _833_/X (sky130_fd_sc_hd__and3_1)
     2    0.00                           _316_ (net)
                  0.05    0.00    8.37 v _860_/B1 (sky130_fd_sc_hd__a21o_1)
                  0.08    0.21    8.57 v _860_/X (sky130_fd_sc_hd__a21o_1)
     3    0.01                           _344_ (net)
                  0.08    0.00    8.57 v _861_/B (sky130_fd_sc_hd__xnor2_1)
                  0.09    0.17    8.75 v _861_/Y (sky130_fd_sc_hd__xnor2_1)
     3    0.01                           _346_ (net)
                  0.09    0.00    8.75 v _867_/A2 (sky130_fd_sc_hd__a211o_1)
                  0.06    0.34    9.08 v _867_/X (sky130_fd_sc_hd__a211o_1)
     2    0.01                           _352_ (net)
                  0.06    0.00    9.08 v _889_/A1 (sky130_fd_sc_hd__a21o_1)
                  0.07    0.20    9.28 v _889_/X (sky130_fd_sc_hd__a21o_1)
     2    0.01                           _375_ (net)
                  0.07    0.00    9.28 v _900_/A2 (sky130_fd_sc_hd__a21o_1)
                  0.06    0.22    9.50 v _900_/X (sky130_fd_sc_hd__a21o_1)
     3    0.01                           _386_ (net)
                  0.06    0.00    9.50 v _907_/A2 (sky130_fd_sc_hd__a211o_1)
                  0.05    0.30    9.81 v _907_/X (sky130_fd_sc_hd__a211o_1)
     1    0.00                           _393_ (net)
                  0.05    0.00    9.81 v _908_/A3 (sky130_fd_sc_hd__a31o_1)
                  0.09    0.27   10.08 v _908_/X (sky130_fd_sc_hd__a31o_1)
     1    0.01                           net23 (net)
                  0.09    0.00   10.08 v output23/A (sky130_fd_sc_hd__buf_6)
                  0.04    0.16   10.25 v output23/X (sky130_fd_sc_hd__buf_6)
     1    0.03                           product[15] (net)
                  0.04    0.00   10.25 v product[15] (out)
                                 10.25   data arrival time

                  0.00   10.00   10.00   clock clk (rise edge)
                          0.00   10.00   clock network delay (ideal)
                         -0.25    9.75   clock uncertainty
                          0.00    9.75   clock reconvergence pessimism
                         -2.00    7.75   output external delay
                                  7.75   data required time
-----------------------------------------------------------------------------
                                  7.75   data required time
                                -10.25   data arrival time
-----------------------------------------------------------------------------
                                 -2.50   slack (VIOLATED)




===========================================================================
report_checks --slack_max -0.01
============================================================================
======================= Typical Corner ===================================

Startpoint: multiplicand[1] (input port clocked by clk)
Endpoint: product[15] (output port clocked by clk)
Path Group: clk
Path Type: max

Fanout     Cap    Slew   Delay    Time   Description
-----------------------------------------------------------------------------
                  0.00    0.00    0.00   clock clk (rise edge)
                          0.00    0.00   clock network delay (ideal)
                          2.00    2.00 v input external delay
                  0.01    0.00    2.00 v multiplicand[1] (in)
     1    0.00                           multiplicand[1] (net)
                  0.01    0.00    2.00 v input2/A (sky130_fd_sc_hd__dlymetal6s2s_1)
                  0.16    0.23    2.24 v input2/X (sky130_fd_sc_hd__dlymetal6s2s_1)
     3    0.03                           net2 (net)
                  0.16    0.00    2.24 v _468_/D (sky130_fd_sc_hd__or4_4)
                  0.09    0.48    2.72 v _468_/X (sky130_fd_sc_hd__or4_4)
     1    0.01                           _387_ (net)
                  0.09    0.00    2.72 v _469_/A (sky130_fd_sc_hd__buf_8)
                  0.04    0.16    2.88 v _469_/X (sky130_fd_sc_hd__buf_8)
     7    0.03                           _395_ (net)
                  0.04    0.00    2.88 v _470_/C (sky130_fd_sc_hd__or3_4)
                  0.10    0.40    3.28 v _470_/X (sky130_fd_sc_hd__or3_4)
     4    0.03                           _402_ (net)
                  0.10    0.00    3.28 v _485_/B (sky130_fd_sc_hd__xor2_4)
                  0.09    0.20    3.48 v _485_/X (sky130_fd_sc_hd__xor2_4)
     6    0.02                           _418_ (net)
                  0.09    0.00    3.48 v _488_/B1 (sky130_fd_sc_hd__a221o_1)
                  0.08    0.35    3.84 v _488_/X (sky130_fd_sc_hd__a221o_1)
     2    0.01                           _421_ (net)
                  0.08    0.00    3.84 v _489_/B (sky130_fd_sc_hd__and2b_1)
                  0.04    0.18    4.02 v _489_/X (sky130_fd_sc_hd__and2b_1)
     1    0.00                           _422_ (net)
                  0.04    0.00    4.02 v _490_/B (sky130_fd_sc_hd__xor2_1)
                  0.04    0.14    4.16 v _490_/X (sky130_fd_sc_hd__xor2_1)
     1    0.00                           _423_ (net)
                  0.04    0.00    4.16 v _492_/A2 (sky130_fd_sc_hd__a21o_1)
                  0.11    0.25    4.41 v _492_/X (sky130_fd_sc_hd__a21o_1)
     3    0.02                           _425_ (net)
                  0.11    0.00    4.41 v _498_/A (sky130_fd_sc_hd__xnor2_2)
                  0.30    0.32    4.74 ^ _498_/Y (sky130_fd_sc_hd__xnor2_2)
     3    0.02                           _431_ (net)
                  0.30    0.00    4.74 ^ _578_/A3 (sky130_fd_sc_hd__a31oi_1)
                  0.08    0.13    4.87 v _578_/Y (sky130_fd_sc_hd__a31oi_1)
     1    0.00                           _057_ (net)
                  0.08    0.00    4.87 v _583_/A2 (sky130_fd_sc_hd__a211o_1)
                  0.07    0.34    5.21 v _583_/X (sky130_fd_sc_hd__a211o_1)
     2    0.01                           _062_ (net)
                  0.07    0.00    5.21 v rebuffer18/A (sky130_fd_sc_hd__buf_1)
                  0.06    0.13    5.35 v rebuffer18/X (sky130_fd_sc_hd__buf_1)
     2    0.01                           net50 (net)
                  0.06    0.00    5.35 v _599_/A2 (sky130_fd_sc_hd__a21oi_1)
                  0.11    0.15    5.50 ^ _599_/Y (sky130_fd_sc_hd__a21oi_1)
     1    0.00                           _078_ (net)
                  0.11    0.00    5.50 ^ _602_/A1 (sky130_fd_sc_hd__o21a_1)
                  0.19    0.26    5.75 ^ _602_/X (sky130_fd_sc_hd__o21a_1)
     3    0.02                           _081_ (net)
                  0.19    0.00    5.76 ^ _604_/A (sky130_fd_sc_hd__xor2_1)
                  0.22    0.25    6.01 ^ _604_/X (sky130_fd_sc_hd__xor2_1)
     3    0.01                           _083_ (net)
                  0.22    0.00    6.01 ^ _629_/A (sky130_fd_sc_hd__nor2_1)
                  0.06    0.08    6.10 v _629_/Y (sky130_fd_sc_hd__nor2_1)
     1    0.00                           _108_ (net)
                  0.06    0.00    6.10 v _631_/B1 (sky130_fd_sc_hd__o22a_1)
                  0.08    0.23    6.33 v _631_/X (sky130_fd_sc_hd__o22a_1)
     3    0.01                           _110_ (net)
                  0.08    0.00    6.33 v _633_/A (sky130_fd_sc_hd__xnor2_1)
                  0.19    0.22    6.55 ^ _633_/Y (sky130_fd_sc_hd__xnor2_1)
     2    0.01                           _112_ (net)
                  0.19    0.00    6.55 ^ _640_/A1 (sky130_fd_sc_hd__o21ai_1)
                  0.10    0.15    6.70 v _640_/Y (sky130_fd_sc_hd__o21ai_1)
     2    0.01                           _119_ (net)
                  0.10    0.00    6.70 v _670_/A2 (sky130_fd_sc_hd__a21o_1)
                  0.07    0.24    6.94 v _670_/X (sky130_fd_sc_hd__a21o_1)
     2    0.01                           _148_ (net)
                  0.07    0.00    6.94 v _699_/A (sky130_fd_sc_hd__xor2_1)
                  0.10    0.20    7.14 v _699_/X (sky130_fd_sc_hd__xor2_1)
     3    0.01                           _177_ (net)
                  0.10    0.00    7.14 v _706_/A2 (sky130_fd_sc_hd__a211o_1)
                  0.08    0.36    7.50 v _706_/X (sky130_fd_sc_hd__a211o_1)
     3    0.01                           _184_ (net)
                  0.08    0.00    7.50 v _754_/A1 (sky130_fd_sc_hd__a21bo_1)
                  0.06    0.22    7.72 v _754_/X (sky130_fd_sc_hd__a21bo_1)
     3    0.01                           _231_ (net)
                  0.06    0.00    7.72 v _795_/A2 (sky130_fd_sc_hd__a21bo_1)
                  0.06    0.23    7.95 v _795_/X (sky130_fd_sc_hd__a21bo_1)
     3    0.01                           _275_ (net)
                  0.06    0.00    7.95 v _831_/A2 (sky130_fd_sc_hd__a21bo_1)
                  0.05    0.22    8.17 v _831_/X (sky130_fd_sc_hd__a21bo_1)
     2    0.01                           _314_ (net)
                  0.05    0.00    8.17 v _833_/C (sky130_fd_sc_hd__and3_1)
                  0.05    0.20    8.37 v _833_/X (sky130_fd_sc_hd__and3_1)
     2    0.00                           _316_ (net)
                  0.05    0.00    8.37 v _860_/B1 (sky130_fd_sc_hd__a21o_1)
                  0.08    0.21    8.57 v _860_/X (sky130_fd_sc_hd__a21o_1)
     3    0.01                           _344_ (net)
                  0.08    0.00    8.57 v _861_/B (sky130_fd_sc_hd__xnor2_1)
                  0.09    0.17    8.75 v _861_/Y (sky130_fd_sc_hd__xnor2_1)
     3    0.01                           _346_ (net)
                  0.09    0.00    8.75 v _867_/A2 (sky130_fd_sc_hd__a211o_1)
                  0.06    0.34    9.08 v _867_/X (sky130_fd_sc_hd__a211o_1)
     2    0.01                           _352_ (net)
                  0.06    0.00    9.08 v _889_/A1 (sky130_fd_sc_hd__a21o_1)
                  0.07    0.20    9.28 v _889_/X (sky130_fd_sc_hd__a21o_1)
     2    0.01                           _375_ (net)
                  0.07    0.00    9.28 v _900_/A2 (sky130_fd_sc_hd__a21o_1)
                  0.06    0.22    9.50 v _900_/X (sky130_fd_sc_hd__a21o_1)
     3    0.01                           _386_ (net)
                  0.06    0.00    9.50 v _907_/A2 (sky130_fd_sc_hd__a211o_1)
                  0.05    0.30    9.81 v _907_/X (sky130_fd_sc_hd__a211o_1)
     1    0.00                           _393_ (net)
                  0.05    0.00    9.81 v _908_/A3 (sky130_fd_sc_hd__a31o_1)
                  0.09    0.27   10.08 v _908_/X (sky130_fd_sc_hd__a31o_1)
     1    0.01                           net23 (net)
                  0.09    0.00   10.08 v output23/A (sky130_fd_sc_hd__buf_6)
                  0.04    0.16   10.25 v output23/X (sky130_fd_sc_hd__buf_6)
     1    0.03                           product[15] (net)
                  0.04    0.00   10.25 v product[15] (out)
                                 10.25   data arrival time

                  0.00   10.00   10.00   clock clk (rise edge)
                          0.00   10.00   clock network delay (ideal)
                         -0.25    9.75   clock uncertainty
                          0.00    9.75   clock reconvergence pessimism
                         -2.00    7.75   output external delay
                                  7.75   data required time
-----------------------------------------------------------------------------
                                  7.75   data required time
                                -10.25   data arrival time
-----------------------------------------------------------------------------
                                 -2.50   slack (VIOLATED)




===========================================================================
 report_check_types -max_slew -max_cap -max_fanout -violators
============================================================================
======================= Typical Corner ===================================



===========================================================================
report_parasitic_annotation -report_unannotated
============================================================================
Found 0 unannotated drivers.
Found 0 partially unannotated drivers.

===========================================================================
max slew violation count 0
max fanout violation count 0
max cap violation count 0
============================================================================

===========================================================================
check_setup -verbose -unconstrained_endpoints -multiple_clock -no_clock -no_input_delay -loops -generated_clocks
===========================================================================
