
===========================================================================
report_checks -unconstrained
===========================================================================
======================= Typical Corner ===================================

Startpoint: multiplicand[3] (input port clocked by clk)
Endpoint: product[15] (output port clocked by clk)
Path Group: clk
Path Type: max

Fanout     Cap    Slew   Delay    Time   Description
-----------------------------------------------------------------------------
                  0.00    0.00    0.00   clock clk (rise edge)
                          0.00    0.00   clock network delay (ideal)
                          2.00    2.00 v input external delay
                  0.04    0.03    2.03 v multiplicand[3] (in)
     9    0.02                           multiplicand[3] (net)
                  0.04    0.00    2.03 v _468_/A (sky130_fd_sc_hd__or4_2)
                  0.09    0.67    2.71 v _468_/X (sky130_fd_sc_hd__or4_2)
     1    0.00                           _387_ (net)
                  0.09    0.00    2.71 v _469_/A (sky130_fd_sc_hd__buf_1)
                  0.13    0.20    2.91 v _469_/X (sky130_fd_sc_hd__buf_1)
     7    0.02                           _395_ (net)
                  0.13    0.00    2.91 v _537_/D (sky130_fd_sc_hd__or4_2)
                  0.12    0.62    3.52 v _537_/X (sky130_fd_sc_hd__or4_2)
     3    0.01                           _016_ (net)
                  0.12    0.00    3.52 v _538_/B (sky130_fd_sc_hd__and2_2)
                  0.06    0.26    3.78 v _538_/X (sky130_fd_sc_hd__and2_2)
     7    0.01                           _017_ (net)
                  0.06    0.00    3.78 v _540_/A (sky130_fd_sc_hd__or2_2)
                  0.09    0.36    4.14 v _540_/X (sky130_fd_sc_hd__or2_2)
     7    0.01                           _019_ (net)
                  0.09    0.00    4.14 v _541_/B (sky130_fd_sc_hd__nand2_2)
                  0.08    0.11    4.26 ^ _541_/Y (sky130_fd_sc_hd__nand2_2)
     2    0.01                           _020_ (net)
                  0.08    0.00    4.26 ^ _544_/A (sky130_fd_sc_hd__xnor2_2)
                  0.06    0.09    4.35 v _544_/Y (sky130_fd_sc_hd__xnor2_2)
     1    0.01                           _023_ (net)
                  0.06    0.00    4.35 v _545_/B (sky130_fd_sc_hd__xnor2_2)
                  0.04    0.13    4.48 v _545_/Y (sky130_fd_sc_hd__xnor2_2)
     1    0.00                           _024_ (net)
                  0.04    0.00    4.48 v _546_/A1 (sky130_fd_sc_hd__mux2_2)
                  0.08    0.32    4.79 v _546_/X (sky130_fd_sc_hd__mux2_2)
     4    0.01                           _025_ (net)
                  0.08    0.00    4.79 v _675_/A (sky130_fd_sc_hd__or2_2)
                  0.06    0.32    5.11 v _675_/X (sky130_fd_sc_hd__or2_2)
     2    0.00                           _153_ (net)
                  0.06    0.00    5.11 v _679_/A3 (sky130_fd_sc_hd__a311o_2)
                  0.06    0.42    5.53 v _679_/X (sky130_fd_sc_hd__a311o_2)
     2    0.01                           _157_ (net)
                  0.06    0.00    5.53 v _722_/B1 (sky130_fd_sc_hd__o21ai_2)
                  0.15    0.08    5.62 ^ _722_/Y (sky130_fd_sc_hd__o21ai_2)
     1    0.01                           _199_ (net)
                  0.15    0.00    5.62 ^ _725_/A (sky130_fd_sc_hd__xnor2_2)
                  0.11    0.13    5.75 ^ _725_/Y (sky130_fd_sc_hd__xnor2_2)
     1    0.00                           _202_ (net)
                  0.11    0.00    5.75 ^ _726_/S (sky130_fd_sc_hd__mux2_2)
                  0.08    0.40    6.15 v _726_/X (sky130_fd_sc_hd__mux2_2)
     4    0.01                           _203_ (net)
                  0.08    0.00    6.15 v _728_/A (sky130_fd_sc_hd__xnor2_2)
                  0.23    0.25    6.40 ^ _728_/Y (sky130_fd_sc_hd__xnor2_2)
     2    0.01                           _205_ (net)
                  0.23    0.00    6.40 ^ _731_/A (sky130_fd_sc_hd__xnor2_2)
                  0.08    0.12    6.52 v _731_/Y (sky130_fd_sc_hd__xnor2_2)
     3    0.01                           _208_ (net)
                  0.08    0.00    6.52 v _736_/A2 (sky130_fd_sc_hd__a211o_2)
                  0.06    0.37    6.90 v _736_/X (sky130_fd_sc_hd__a211o_2)
     3    0.01                           _213_ (net)
                  0.06    0.00    6.90 v _741_/A2 (sky130_fd_sc_hd__a31o_2)
                  0.04    0.24    7.14 v _741_/X (sky130_fd_sc_hd__a31o_2)
     1    0.00                           _218_ (net)
                  0.04    0.00    7.14 v _743_/A2 (sky130_fd_sc_hd__o21a_2)
                  0.06    0.23    7.37 v _743_/X (sky130_fd_sc_hd__o21a_2)
     4    0.02                           _220_ (net)
                  0.06    0.00    7.37 v _745_/A (sky130_fd_sc_hd__xor2_2)
                  0.07    0.20    7.57 v _745_/X (sky130_fd_sc_hd__xor2_2)
     2    0.01                           _222_ (net)
                  0.07    0.00    7.57 v _748_/A (sky130_fd_sc_hd__xnor2_2)
                  0.07    0.16    7.74 v _748_/Y (sky130_fd_sc_hd__xnor2_2)
     3    0.01                           _225_ (net)
                  0.07    0.00    7.74 v _751_/A2 (sky130_fd_sc_hd__a211o_2)
                  0.06    0.37    8.11 v _751_/X (sky130_fd_sc_hd__a211o_2)
     3    0.01                           _228_ (net)
                  0.06    0.00    8.11 v _756_/A1 (sky130_fd_sc_hd__a31o_2)
                  0.04    0.21    8.32 v _756_/X (sky130_fd_sc_hd__a31o_2)
     1    0.00                           _233_ (net)
                  0.04    0.00    8.32 v _758_/A2 (sky130_fd_sc_hd__o21a_2)
                  0.07    0.24    8.55 v _758_/X (sky130_fd_sc_hd__o21a_2)
     3    0.02                           _235_ (net)
                  0.07    0.00    8.55 v _760_/A (sky130_fd_sc_hd__xor2_2)
                  0.06    0.20    8.75 v _760_/X (sky130_fd_sc_hd__xor2_2)
     3    0.01                           _237_ (net)
                  0.06    0.00    8.75 v _805_/A1 (sky130_fd_sc_hd__a21o_2)
                  0.05    0.22    8.98 v _805_/X (sky130_fd_sc_hd__a21o_2)
     2    0.01                           _286_ (net)
                  0.05    0.00    8.98 v _841_/A2 (sky130_fd_sc_hd__a21o_2)
                  0.05    0.24    9.22 v _841_/X (sky130_fd_sc_hd__a21o_2)
     2    0.01                           _325_ (net)
                  0.05    0.00    9.22 v _869_/A2 (sky130_fd_sc_hd__a21o_2)
                  0.05    0.24    9.46 v _869_/X (sky130_fd_sc_hd__a21o_2)
     3    0.01                           _354_ (net)
                  0.05    0.00    9.46 v _889_/A2 (sky130_fd_sc_hd__a21o_2)
                  0.05    0.24    9.70 v _889_/X (sky130_fd_sc_hd__a21o_2)
     2    0.01                           _375_ (net)
                  0.05    0.00    9.70 v _900_/A2 (sky130_fd_sc_hd__a21o_2)
                  0.05    0.24    9.94 v _900_/X (sky130_fd_sc_hd__a21o_2)
     3    0.01                           _386_ (net)
                  0.05    0.00    9.94 v _907_/A2 (sky130_fd_sc_hd__a211o_2)
                  0.05    0.33   10.27 v _907_/X (sky130_fd_sc_hd__a211o_2)
     1    0.00                           _393_ (net)
                  0.05    0.00   10.27 v _908_/A3 (sky130_fd_sc_hd__a31o_2)
                  0.11    0.34   10.61 v _908_/X (sky130_fd_sc_hd__a31o_2)
     1    0.03                           product[15] (net)
                  0.11    0.00   10.61 v product[15] (out)
                                 10.61   data arrival time

                  0.00   10.00   10.00   clock clk (rise edge)
                          0.00   10.00   clock network delay (ideal)
                         -0.25    9.75   clock uncertainty
                          0.00    9.75   clock reconvergence pessimism
                         -2.00    7.75   output external delay
                                  7.75   data required time
-----------------------------------------------------------------------------
                                  7.75   data required time
                                -10.61   data arrival time
-----------------------------------------------------------------------------
                                 -2.86   slack (VIOLATED)




===========================================================================
report_checks --slack_max -0.01
============================================================================
======================= Typical Corner ===================================

Startpoint: multiplicand[3] (input port clocked by clk)
Endpoint: product[15] (output port clocked by clk)
Path Group: clk
Path Type: max

Fanout     Cap    Slew   Delay    Time   Description
-----------------------------------------------------------------------------
                  0.00    0.00    0.00   clock clk (rise edge)
                          0.00    0.00   clock network delay (ideal)
                          2.00    2.00 v input external delay
                  0.04    0.03    2.03 v multiplicand[3] (in)
     9    0.02                           multiplicand[3] (net)
                  0.04    0.00    2.03 v _468_/A (sky130_fd_sc_hd__or4_2)
                  0.09    0.67    2.71 v _468_/X (sky130_fd_sc_hd__or4_2)
     1    0.00                           _387_ (net)
                  0.09    0.00    2.71 v _469_/A (sky130_fd_sc_hd__buf_1)
                  0.13    0.20    2.91 v _469_/X (sky130_fd_sc_hd__buf_1)
     7    0.02                           _395_ (net)
                  0.13    0.00    2.91 v _537_/D (sky130_fd_sc_hd__or4_2)
                  0.12    0.62    3.52 v _537_/X (sky130_fd_sc_hd__or4_2)
     3    0.01                           _016_ (net)
                  0.12    0.00    3.52 v _538_/B (sky130_fd_sc_hd__and2_2)
                  0.06    0.26    3.78 v _538_/X (sky130_fd_sc_hd__and2_2)
     7    0.01                           _017_ (net)
                  0.06    0.00    3.78 v _540_/A (sky130_fd_sc_hd__or2_2)
                  0.09    0.36    4.14 v _540_/X (sky130_fd_sc_hd__or2_2)
     7    0.01                           _019_ (net)
                  0.09    0.00    4.14 v _541_/B (sky130_fd_sc_hd__nand2_2)
                  0.08    0.11    4.26 ^ _541_/Y (sky130_fd_sc_hd__nand2_2)
     2    0.01                           _020_ (net)
                  0.08    0.00    4.26 ^ _544_/A (sky130_fd_sc_hd__xnor2_2)
                  0.06    0.09    4.35 v _544_/Y (sky130_fd_sc_hd__xnor2_2)
     1    0.01                           _023_ (net)
                  0.06    0.00    4.35 v _545_/B (sky130_fd_sc_hd__xnor2_2)
                  0.04    0.13    4.48 v _545_/Y (sky130_fd_sc_hd__xnor2_2)
     1    0.00                           _024_ (net)
                  0.04    0.00    4.48 v _546_/A1 (sky130_fd_sc_hd__mux2_2)
                  0.08    0.32    4.79 v _546_/X (sky130_fd_sc_hd__mux2_2)
     4    0.01                           _025_ (net)
                  0.08    0.00    4.79 v _675_/A (sky130_fd_sc_hd__or2_2)
                  0.06    0.32    5.11 v _675_/X (sky130_fd_sc_hd__or2_2)
     2    0.00                           _153_ (net)
                  0.06    0.00    5.11 v _679_/A3 (sky130_fd_sc_hd__a311o_2)
                  0.06    0.42    5.53 v _679_/X (sky130_fd_sc_hd__a311o_2)
     2    0.01                           _157_ (net)
                  0.06    0.00    5.53 v _722_/B1 (sky130_fd_sc_hd__o21ai_2)
                  0.15    0.08    5.62 ^ _722_/Y (sky130_fd_sc_hd__o21ai_2)
     1    0.01                           _199_ (net)
                  0.15    0.00    5.62 ^ _725_/A (sky130_fd_sc_hd__xnor2_2)
                  0.11    0.13    5.75 ^ _725_/Y (sky130_fd_sc_hd__xnor2_2)
     1    0.00                           _202_ (net)
                  0.11    0.00    5.75 ^ _726_/S (sky130_fd_sc_hd__mux2_2)
                  0.08    0.40    6.15 v _726_/X (sky130_fd_sc_hd__mux2_2)
     4    0.01                           _203_ (net)
                  0.08    0.00    6.15 v _728_/A (sky130_fd_sc_hd__xnor2_2)
                  0.23    0.25    6.40 ^ _728_/Y (sky130_fd_sc_hd__xnor2_2)
     2    0.01                           _205_ (net)
                  0.23    0.00    6.40 ^ _731_/A (sky130_fd_sc_hd__xnor2_2)
                  0.08    0.12    6.52 v _731_/Y (sky130_fd_sc_hd__xnor2_2)
     3    0.01                           _208_ (net)
                  0.08    0.00    6.52 v _736_/A2 (sky130_fd_sc_hd__a211o_2)
                  0.06    0.37    6.90 v _736_/X (sky130_fd_sc_hd__a211o_2)
     3    0.01                           _213_ (net)
                  0.06    0.00    6.90 v _741_/A2 (sky130_fd_sc_hd__a31o_2)
                  0.04    0.24    7.14 v _741_/X (sky130_fd_sc_hd__a31o_2)
     1    0.00                           _218_ (net)
                  0.04    0.00    7.14 v _743_/A2 (sky130_fd_sc_hd__o21a_2)
                  0.06    0.23    7.37 v _743_/X (sky130_fd_sc_hd__o21a_2)
     4    0.02                           _220_ (net)
                  0.06    0.00    7.37 v _745_/A (sky130_fd_sc_hd__xor2_2)
                  0.07    0.20    7.57 v _745_/X (sky130_fd_sc_hd__xor2_2)
     2    0.01                           _222_ (net)
                  0.07    0.00    7.57 v _748_/A (sky130_fd_sc_hd__xnor2_2)
                  0.07    0.16    7.74 v _748_/Y (sky130_fd_sc_hd__xnor2_2)
     3    0.01                           _225_ (net)
                  0.07    0.00    7.74 v _751_/A2 (sky130_fd_sc_hd__a211o_2)
                  0.06    0.37    8.11 v _751_/X (sky130_fd_sc_hd__a211o_2)
     3    0.01                           _228_ (net)
                  0.06    0.00    8.11 v _756_/A1 (sky130_fd_sc_hd__a31o_2)
                  0.04    0.21    8.32 v _756_/X (sky130_fd_sc_hd__a31o_2)
     1    0.00                           _233_ (net)
                  0.04    0.00    8.32 v _758_/A2 (sky130_fd_sc_hd__o21a_2)
                  0.07    0.24    8.55 v _758_/X (sky130_fd_sc_hd__o21a_2)
     3    0.02                           _235_ (net)
                  0.07    0.00    8.55 v _760_/A (sky130_fd_sc_hd__xor2_2)
                  0.06    0.20    8.75 v _760_/X (sky130_fd_sc_hd__xor2_2)
     3    0.01                           _237_ (net)
                  0.06    0.00    8.75 v _805_/A1 (sky130_fd_sc_hd__a21o_2)
                  0.05    0.22    8.98 v _805_/X (sky130_fd_sc_hd__a21o_2)
     2    0.01                           _286_ (net)
                  0.05    0.00    8.98 v _841_/A2 (sky130_fd_sc_hd__a21o_2)
                  0.05    0.24    9.22 v _841_/X (sky130_fd_sc_hd__a21o_2)
     2    0.01                           _325_ (net)
                  0.05    0.00    9.22 v _869_/A2 (sky130_fd_sc_hd__a21o_2)
                  0.05    0.24    9.46 v _869_/X (sky130_fd_sc_hd__a21o_2)
     3    0.01                           _354_ (net)
                  0.05    0.00    9.46 v _889_/A2 (sky130_fd_sc_hd__a21o_2)
                  0.05    0.24    9.70 v _889_/X (sky130_fd_sc_hd__a21o_2)
     2    0.01                           _375_ (net)
                  0.05    0.00    9.70 v _900_/A2 (sky130_fd_sc_hd__a21o_2)
                  0.05    0.24    9.94 v _900_/X (sky130_fd_sc_hd__a21o_2)
     3    0.01                           _386_ (net)
                  0.05    0.00    9.94 v _907_/A2 (sky130_fd_sc_hd__a211o_2)
                  0.05    0.33   10.27 v _907_/X (sky130_fd_sc_hd__a211o_2)
     1    0.00                           _393_ (net)
                  0.05    0.00   10.27 v _908_/A3 (sky130_fd_sc_hd__a31o_2)
                  0.11    0.34   10.61 v _908_/X (sky130_fd_sc_hd__a31o_2)
     1    0.03                           product[15] (net)
                  0.11    0.00   10.61 v product[15] (out)
                                 10.61   data arrival time

                  0.00   10.00   10.00   clock clk (rise edge)
                          0.00   10.00   clock network delay (ideal)
                         -0.25    9.75   clock uncertainty
                          0.00    9.75   clock reconvergence pessimism
                         -2.00    7.75   output external delay
                                  7.75   data required time
-----------------------------------------------------------------------------
                                  7.75   data required time
                                -10.61   data arrival time
-----------------------------------------------------------------------------
                                 -2.86   slack (VIOLATED)




===========================================================================
 report_check_types -max_slew -max_cap -max_fanout -violators
============================================================================
======================= Typical Corner ===================================



===========================================================================
report_parasitic_annotation -report_unannotated
============================================================================
Found 486 unannotated drivers.
 multiplicand[0]
 multiplicand[1]
 multiplicand[2]
 multiplicand[3]
 multiplicand[4]
 multiplicand[5]
 multiplicand[6]
 multiplicand[7]
 multiplier[0]
 multiplier[1]
 multiplier[2]
 multiplier[3]
 multiplier[4]
 multiplier[5]
 multiplier[6]
 multiplier[7]
 _454_/X
 _455_/X
 _456_/X
 _457_/Y
 _458_/X
 _459_/X
 _460_/X
 _461_/X
 _462_/X
 _463_/Y
 _464_/X
 _465_/Y
 _466_/X
 _467_/X
 _468_/X
 _469_/X
 _470_/X
 _471_/X
 _472_/Y
 _473_/X
 _474_/X
 _475_/X
 _476_/Y
 _477_/X
 _478_/X
 _479_/X
 _480_/Y
 _481_/Y
 _482_/Y
 _483_/X
 _484_/Y
 _485_/X
 _486_/X
 _487_/Y
 _488_/X
 _489_/X
 _490_/X
 _491_/X
 _492_/X
 _493_/Y
 _494_/Y
 _495_/X
 _496_/Y
 _497_/Y
 _498_/Y
 _499_/X
 _500_/Y
 _501_/X
 _502_/X
 _503_/Y
 _504_/X
 _505_/X
 _506_/X
 _507_/Y
 _508_/X
 _509_/Y
 _510_/Y
 _511_/X
 _512_/X
 _513_/Y
 _514_/X
 _515_/X
 _516_/X
 _517_/X
 _518_/Y
 _519_/X
 _520_/Y
 _521_/X
 _522_/X
 _523_/Y
 _524_/X
 _525_/X
 _526_/Y
 _527_/X
 _528_/Y
 _529_/Y
 _530_/X
 _531_/Y
 _532_/X
 _533_/X
 _534_/Y
 _535_/Y
 _536_/Y
 _537_/X
 _538_/X
 _539_/Y
 _540_/X
 _541_/Y
 _542_/Y
 _543_/X
 _544_/Y
 _545_/Y
 _546_/X
 _547_/X
 _548_/X
 _549_/Y
 _550_/X
 _551_/X
 _552_/X
 _553_/X
 _554_/X
 _555_/X
 _556_/Y
 _557_/X
 _558_/Y
 _559_/Y
 _560_/X
 _561_/Y
 _562_/X
 _563_/Y
 _564_/X
 _565_/X
 _566_/X
 _567_/Y
 _568_/X
 _569_/X
 _570_/X
 _571_/X
 _572_/Y
 _573_/X
 _574_/Y
 _575_/X
 _576_/X
 _577_/X
 _578_/Y
 _579_/X
 _580_/Y
 _581_/X
 _582_/Y
 _583_/X
 _584_/X
 _585_/Y
 _586_/Y
 _587_/X
 _588_/Y
 _589_/Y
 _590_/X
 _591_/X
 _592_/X
 _593_/X
 _594_/X
 _595_/X
 _596_/X
 _597_/X
 _598_/Y
 _599_/Y
 _600_/X
 _601_/X
 _602_/X
 _603_/X
 _604_/X
 _605_/Y
 _606_/X
 _607_/X
 _608_/X
 _609_/X
 _610_/Y
 _611_/Y
 _612_/X
 _613_/X
 _614_/Y
 _615_/Y
 _616_/X
 _617_/Y
 _618_/X
 _619_/Y
 _620_/X
 _621_/X
 _622_/X
 _623_/X
 _624_/Y
 _625_/X
 _626_/X
 _627_/X
 _628_/Y
 _629_/Y
 _630_/X
 _631_/X
 _632_/X
 _633_/Y
 _634_/X
 _635_/Y
 _636_/Y
 _637_/X
 _638_/X
 _639_/X
 _640_/Y
 _641_/Y
 _642_/Y
 _643_/Y
 _644_/Y
 _645_/Y
 _646_/X
 _647_/X
 _648_/Y
 _649_/Y
 _650_/X
 _651_/X
 _652_/X
 _653_/Y
 _654_/X
 _655_/Y
 _656_/Y
 _657_/X
 _658_/X
 _659_/X
 _660_/X
 _661_/X
 _662_/X
 _663_/X
 _664_/Y
 _665_/Y
 _666_/X
 _667_/X
 _668_/Y
 _669_/Y
 _670_/X
 _671_/X
 _672_/Y
 _673_/X
 _674_/Y
 _675_/X
 _676_/X
 _677_/X
 _678_/Y
 _679_/X
 _680_/X
 _681_/Y
 _682_/X
 _683_/Y
 _684_/Y
 _685_/Y
 _686_/Y
 _687_/Y
 _688_/X
 _689_/X
 _690_/Y
 _691_/Y
 _692_/X
 _693_/Y
 _694_/X
 _695_/X
 _696_/Y
 _697_/X
 _698_/Y
 _699_/X
 _700_/X
 _701_/Y
 _702_/X
 _703_/Y
 _704_/Y
 _705_/X
 _706_/X
 _707_/X
 _708_/Y
 _709_/X
 _710_/X
 _711_/X
 _712_/X
 _713_/Y
 _714_/Y
 _715_/Y
 _716_/Y
 _717_/Y
 _718_/X
 _719_/X
 _720_/Y
 _721_/Y
 _722_/Y
 _723_/X
 _724_/X
 _725_/Y
 _726_/X
 _727_/X
 _728_/Y
 _729_/X
 _730_/Y
 _731_/Y
 _732_/X
 _733_/Y
 _734_/X
 _735_/Y
 _736_/X
 _737_/X
 _738_/Y
 _739_/X
 _740_/Y
 _741_/X
 _742_/X
 _743_/X
 _744_/X
 _745_/X
 _746_/X
 _747_/X
 _748_/Y
 _749_/X
 _750_/X
 _751_/X
 _752_/X
 _753_/Y
 _754_/X
 _755_/Y
 _756_/X
 _757_/X
 _758_/X
 _759_/X
 _760_/X
 _761_/X
 _762_/Y
 _763_/X
 _764_/Y
 _765_/Y
 _766_/X
 _767_/X
 _768_/Y
 _769_/X
 _770_/Y
 _771_/Y
 _772_/X
 _773_/Y
 _774_/Y
 _775_/X
 _776_/Y
 _777_/X
 _778_/X
 _779_/X
 _780_/X
 _781_/Y
 _782_/X
 _783_/Y
 _784_/X
 _785_/X
 _786_/X
 _787_/X
 _788_/X
 _789_/Y
 _790_/X
 _791_/X
 _792_/X
 _793_/X
 _794_/Y
 _795_/X
 _796_/X
 _797_/Y
 _798_/X
 _799_/X
 _800_/X
 _801_/Y
 _802_/Y
 _803_/X
 _804_/Y
 _805_/X
 _806_/Y
 _807_/Y
 _808_/X
 _809_/X
 _810_/X
 _811_/X
 _812_/X
 _813_/Y
 _814_/X
 _815_/X
 _816_/X
 _817_/Y
 _818_/X
 _819_/Y
 _820_/X
 _821_/X
 _822_/Y
 _823_/Y
 _824_/Y
 _825_/Y
 _826_/X
 _827_/X
 _828_/X
 _829_/X
 _830_/Y
 _831_/X
 _832_/Y
 _833_/X
 _834_/Y
 _835_/Y
 _836_/X
 _837_/X
 _838_/Y
 _839_/Y
 _840_/X
 _841_/X
 _842_/Y
 _843_/Y
 _844_/X
 _845_/X
 _846_/X
 _847_/X
 _848_/X
 _849_/X
 _850_/Y
 _851_/X
 _852_/X
 _853_/X
 _854_/Y
 _855_/Y
 _856_/X
 _857_/X
 _858_/Y
 _859_/Y
 _860_/X
 _861_/Y
 _862_/Y
 _863_/Y
 _864_/X
 _865_/X
 _866_/Y
 _867_/X
 _868_/X
 _869_/X
 _870_/Y
 _871_/X
 _872_/X
 _873_/Y
 _874_/Y
 _875_/X
 _876_/X
 _877_/X
 _878_/Y
 _879_/X
 _880_/Y
 _881_/Y
 _882_/X
 _883_/Y
 _884_/Y
 _885_/X
 _886_/Y
 _887_/Y
 _888_/X
 _889_/X
 _890_/Y
 _891_/X
 _892_/X
 _893_/X
 _894_/Y
 _895_/Y
 _896_/X
 _897_/Y
 _898_/X
 _899_/Y
 _900_/X
 _901_/X
 _902_/Y
 _903_/Y
 _904_/X
 _905_/X
 _906_/Y
 _907_/X
 _908_/X
 _909_/Y
 _910_/X
 _911_/Y
 _912_/Y
 _913_/Y
 _914_/X
 _915_/Y
 _916_/X
 _917_/Y
 _918_/X
 _919_/Y
 _920_/Y
 _921_/X
 _922_/X
 _923_/X
Found 0 partially unannotated drivers.

===========================================================================
max slew violation count 0
max fanout violation count 0
max cap violation count 0
============================================================================

===========================================================================
check_setup -verbose -unconstrained_endpoints -multiple_clock -no_clock -no_input_delay -loops -generated_clocks
===========================================================================
